---
source: crates/node/tests/it/tempo_transaction/mod.rs
assertion_line: 118
expression: gas_estimation
---
baseline: 274318
"secp256k1::noop": 274318
"secp256k1::transfer": 553055
"secp256k1::batch_2_transfers": 559447
"secp256k1::batch_5_transfers": 578624
"secp256k1::batch_10_transfers": 610586
"secp256k1::contract_creation": 779451
"p256::noop": 279358
"p256::transfer": 558095
"p256::batch_2_transfers": 564487
"p256::batch_5_transfers": 583664
"p256::batch_10_transfers": 615626
"p256::contract_creation": 784491
"webauthn::noop": 280793
"webauthn::transfer": 559530
"webauthn::batch_2_transfers": 565922
"webauthn::batch_5_transfers": 585099
"webauthn::batch_10_transfers": 617061
"webauthn::contract_creation": 785926
"key_auth_p256_0_limits::noop": 538498
"key_auth_secp256k1_0_limits::noop": 538498
"key_auth_webauthn_0_limits::noop": 538498
"key_auth_p256_0_limits::transfer": 817235
"key_auth_secp256k1_0_limits::transfer": 817235
"key_auth_webauthn_0_limits::transfer": 817235
"key_auth_p256_0_limits::batch_2_transfers": 823627
"key_auth_secp256k1_0_limits::batch_2_transfers": 823627
"key_auth_webauthn_0_limits::batch_2_transfers": 823627
"key_auth_p256_0_limits::batch_5_transfers": 842804
"key_auth_secp256k1_0_limits::batch_5_transfers": 842804
"key_auth_webauthn_0_limits::batch_5_transfers": 842804
"key_auth_p256_0_limits::batch_10_transfers": 874766
"key_auth_secp256k1_0_limits::batch_10_transfers": 874766
"key_auth_webauthn_0_limits::batch_10_transfers": 874766
"key_auth_p256_1_limit::noop": 1042466
"key_auth_secp256k1_1_limit::noop": 1042466
"key_auth_webauthn_1_limit::noop": 1042466
"key_auth_p256_1_limit::transfer": 1321203
"key_auth_secp256k1_1_limit::transfer": 1321203
"key_auth_webauthn_1_limit::transfer": 1321203
"key_auth_p256_1_limit::batch_2_transfers": 1327596
"key_auth_secp256k1_1_limit::batch_2_transfers": 1327596
"key_auth_webauthn_1_limit::batch_2_transfers": 1327596
"key_auth_p256_1_limit::batch_5_transfers": 1346773
"key_auth_secp256k1_1_limit::batch_5_transfers": 1346773
"key_auth_webauthn_1_limit::batch_5_transfers": 1346773
"key_auth_p256_1_limit::batch_10_transfers": 1378734
"key_auth_secp256k1_1_limit::batch_10_transfers": 1378734
"key_auth_webauthn_1_limit::batch_10_transfers": 1378734
"key_auth_secp256k1_target_any_selector::transfer": 1832227
"key_auth_p256_3_limits::noop": 2050403
"key_auth_secp256k1_3_limits::noop": 2050403
"key_auth_webauthn_3_limits::noop": 2050403
"key_auth_p256_3_limits::transfer": 2329140
"key_auth_secp256k1_3_limits::transfer": 2329140
"key_auth_webauthn_3_limits::transfer": 2329140
"key_auth_p256_3_limits::batch_2_transfers": 2335532
"key_auth_secp256k1_3_limits::batch_2_transfers": 2335532
"key_auth_webauthn_3_limits::batch_2_transfers": 2335532
"key_auth_p256_3_limits::batch_5_transfers": 2354709
"key_auth_secp256k1_3_limits::batch_5_transfers": 2354709
"key_auth_webauthn_3_limits::batch_5_transfers": 2354709
"key_auth_p256_3_limits::batch_10_transfers": 2386671
"key_auth_secp256k1_3_limits::batch_10_transfers": 2386671
"key_auth_webauthn_3_limits::batch_10_transfers": 2386671
"key_auth_secp256k1_selector_any_recipient::transfer": 2595235
"key_auth_secp256k1_selector_recipient::transfer": 3356227
"keychain_secp256k1::noop": 541623
"keychain_secp256k1::transfer": 820561
"keychain_secp256k1::batch_2_transfers": 827256
"keychain_secp256k1::batch_5_transfers": 847340
"keychain_secp256k1::batch_10_transfers": 880814
"keychain_p256::noop": 546662
"keychain_p256::transfer": 825601
"keychain_p256::batch_2_transfers": 832296
"keychain_p256::batch_5_transfers": 852380
"keychain_p256::batch_10_transfers": 885853
"keychain_secp256k1_selector_any_recipient::transfer": 2600980
"keychain_secp256k1_selector_recipient::transfer": 3360057
"keychain_secp256k1_target_any_selector::transfer": 1835755
